# Synopsys Constraint Checker, version maplat, Build 1796R, built Aug  4 2017
# Copyright (C) 1994-2017 Synopsys, Inc. This Synopsys software and all associated documentation are proprietary to Synopsys, Inc. and may only be used pursuant to the terms and conditions of a written license agreement with Synopsys, Inc. All other use, reproduction, modification, or distribution of the Synopsys software or the associated documentation is strictly prohibited.

# Written on Sun Jul 21 21:35:39 2019


##### DESIGN INFO #######################################################

Top View:                "SPI"
Constraint File(s):      (none)




##### SUMMARY ############################################################

Found 0 issues in 0 out of 0 constraints


##### DETAILS ############################################################



Clock Relationships
*******************

Starting      Ending        |     rise to rise     |     fall to fall     |     rise to fall     |     fall to rise                     
---------------------------------------------------------------------------------------------------------------------------------------
SPI|clk_i     SPI|clk_i     |     1000.000         |     No paths         |     No paths         |     No paths                         
=======================================================================================================================================
 Note: 'No paths' indicates there are no paths in the design for that pair of clock edges.
       'Diff grp' indicates that paths exist but the starting clock and ending clock are in different clock groups.


Unconstrained Start/End Points
******************************

p:ack_o
p:adr_i[0]
p:adr_i[1]
p:cyc_i
p:dat_i[0]
p:dat_i[1]
p:dat_i[2]
p:dat_i[3]
p:dat_i[4]
p:dat_i[5]
p:dat_i[6]
p:dat_i[7]
p:dat_o[0]
p:dat_o[1]
p:dat_o[2]
p:dat_o[3]
p:dat_o[4]
p:dat_o[5]
p:dat_o[6]
p:dat_o[7]
p:inta_o
p:miso_i
p:mosi_o
p:rst_i
p:sck_o
p:stb_i
p:we_i


Inapplicable constraints
************************

(none)


Applicable constraints with issues
**********************************

(none)


Constraints with matching wildcard expressions
**********************************************

(none)


Library Report
**************


# End of Constraint Checker Report
